[universe-ity.github.io/index.html]
[backblue.gif]
[fade.gif]
[index.html]
[universe-ity.github.io/_static/pygments.css]
[universe-ity.github.io/_static/theme.css]
[universe-ity.github.io/_static/romnnn_sphinx_press_theme.css]
[universe-ity.github.io/_static/copybutton.css]
[universe-ity.github.io/_static/documentation_options.js]
[universe-ity.github.io/_static/jquery.js]
[universe-ity.github.io/_static/underscore.js]
[universe-ity.github.io/_static/doctools.js]
[universe-ity.github.io/_static/language_data.js]
[universe-ity.github.io/_static/clipboard.min.js]
[universe-ity.github.io/_static/copybutton.js]
[cdnjs.cloudflare.com/ajax/libs/require.js/2.3.4/require.min.js]
[cdnjs.cloudflare.com/ajax/libs/mathjax/2.7.5/latestdda6.js]
[universe-ity.github.io/_static/theme-vendors.js]
[universe-ity.github.io/_static/theme.js]
[universe-ity.github.io/genindex.html]
[universe-ity.github.io/search.html]
[universe-ity.github.io/Geometric_Optics_Introduction_Page.html]
[universe-ity.github.io/Geometric_Optics_Physics_background_Page.html]
[universe-ity.github.io/Geometric_Optics_Additional_Background_Page.html]
[universe-ity.github.io/Geometric_Optics_Optical_Systems_Page.html]
[universe-ity.github.io/Geometric_Optics_Intro_to_OSLO_Page.html]
[universe-ity.github.io/Geometric_Optics_More_with_OSLO_Page.html]
[universe-ity.github.io/Geometric_Optics_Activities_Page.html]
[universe-ity.github.io/Geometric_Optics_Activities_Week_2_Page.html]
[universe-ity.github.io/index.html]
[universe-ity.github.io/Geometric_Optics_Credits_Page.html]
[universe-ity.github.io/_static/pygments.css]
[universe-ity.github.io/_static/theme.css]
[universe-ity.github.io/_static/romnnn_sphinx_press_theme.css]
[universe-ity.github.io/_static/copybutton.css]
[universe-ity.github.io/index-2.html]
[universe-ity.github.io/genindex.html]
[universe-ity.github.io/_static/searchtools.js]
[universe-ity.github.io/searchindex.js]
[universe-ity.github.io/search.html]
[universe-ity.github.io/Geometric_Optics_Introduction_Page.html]
[universe-ity.github.io/Geometric_Optics_Physics_background_Page.html]
[hyperphysics.phy-astr.gsu.edu/hbase/geoopt/imggo/pripl.gif]
[universe-ity.github.io/Geometric_Optics_Additional_Background_Page.html]
[www.universetoday.com/wp-content/uploads/2008/07/galileo_telescope.jpg]
[s3-us-west-2.amazonaws.com/courses-images-archive-read-only/wp-content/uploads/sites/222/2014/12/20111328/Figure_27_05_01.jpg]
[omlc.org/classroom/oslotut/eye/walker-eye.png]
[hyperphysics.phy-astr.gsu.edu/hbase/vision/imgvis/accom.gif]
[universe-ity.github.io/Geometric_Optics_Optical_Systems_Page.html]
[omlc.org/classroom/oslotut/simple/sketch.png]
[omlc.org/classroom/oslotut/simple/vertices.png]
[omlc.org/classroom/oslotut/simple/vertices-labelled.png]
[omlc.org/classroom/oslotut/simple/vertices-labelled-2.png]
[omlc.org/classroom/oslotut/simple/curvature1.png]
[omlc.org/classroom/oslotut/simple/curvature2.png]
[omlc.org/classroom/oslotut/simple/distance1.png]
[omlc.org/classroom/oslotut/simple/distance2.png]
[omlc.org/classroom/oslotut/simple/distance3.png]
[omlc.org/classroom/oslotut/simple/heights1.png]
[omlc.org/classroom/oslotut/simple/heights2.png]
[omlc.org/classroom/oslotut/simple/heights3.png]
[omlc.org/classroom/oslotut/simple/heights4.png]
[omlc.org/classroom/oslotut/simple/medium1.png]
[omlc.org/classroom/oslotut/simple/medium2.png]
[omlc.org/classroom/oslotut/simple/medium3.png]
[omlc.org/classroom/oslotut/simple/oslostart2.png]
[omlc.org/classroom/oslotut/simple/xrefractive-index.png]
[omlc.org/classroom/oslotut/simple/xfirst-try.png]
[omlc.org/classroom/oslotut/simple/xobject.png]
[omlc.org/classroom/oslotut/simple/xcontrol.png]
[omlc.org/classroom/oslotut/simple/xdata6.png]
[universe-ity.github.io/Geometric_Optics_Intro_to_OSLO_Page.html]
[universe-ity.github.io/Geometric_Optics_More_with_OSLO_Page.html]
[universe-ity.github.io/Geometric_Optics_Activities_Page.html]
[omlc.org/classroom/oslotut/telescope/moon.png]
[universe-ity.github.io/Geometric_Optics_Activities_Week_2_Page.html]
[universe-ity.github.io/Geometric_Optics_Credits_Page.html]
[universe-ity.github.io/index-2.html]
